{
    "diff": [
        {
            "key": "follow",
            "value": false,
            "state": "added"
        },
        {
            "key": "host",
            "value": "hexlet.io",
            "state": "unmodified"
        },
        {
            "key": "proxy",
            "value": "123.234.53.22",
            "state": "added"
        },
        {
            "key": "timeout",
            "value": {
                "old": 20,
                "new": 50
            },
            "state": "updated"
        },
        {
            "key": "verbose",
            "value": true,
            "state": "removed"
        }
    ]
}
