{
    "diff": [
        {
            "key": "common",
            "value": [
                {
                    "key": "follow",
                    "value": false,
                    "state": "removed"
                },
                {
                    "key": "setting1",
                    "value": "Value 1",
                    "state": "unmodified"
                },
                {
                    "key": "setting2",
                    "value": 200,
                    "state": "added"
                },
                {
                    "key": "setting3",
                    "value": {
                        "old": null,
                        "new": true
                    },
                    "state": "updated"
                },
                {
                    "key": "setting4",
                    "value": "blah blah",
                    "state": "removed"
                },
                {
                    "key": "setting5",
                    "value": [
                        {
                            "key": "key5",
                            "value": "value5",
                            "state": "unmodified"
                        }
                    ],
                    "state": "removed"
                },
                {
                    "key": "setting6",
                    "value": [
                        {
                            "key": "doge",
                            "value": [
                                {
                                    "key": "wow",
                                    "value": {
                                        "old": "so much",
                                        "new": ""
                                    },
                                    "state": "updated"
                                }
                            ],
                            "state": "unmodified"
                        },
                        {
                            "key": "key",
                            "value": "value",
                            "state": "unmodified"
                        },
                        {
                            "key": "ops",
                            "value": "vops",
                            "state": "removed"
                        }
                    ],
                    "state": "unmodified"
                }
            ],
            "state": "unmodified"
        },
        {
            "key": "group1",
            "value": [
                {
                    "key": "baz",
                    "value": {
                        "old": "bars",
                        "new": "bas"
                    },
                    "state": "updated"
                },
                {
                    "key": "foo",
                    "value": "bar",
                    "state": "unmodified"
                },
                {
                    "key": "nest",
                    "value": {
                        "old": "str",
                        "new": [
                            {
                                "key": "key",
                                "value": "value",
                                "state": "unmodified"
                            }
                        ]
                    },
                    "state": "updated"
                }
            ],
            "state": "unmodified"
        },
        {
            "key": "group2",
            "value": [
                {
                    "key": "abc",
                    "value": 12345,
                    "state": "unmodified"
                },
                {
                    "key": "deep",
                    "value": [
                        {
                            "key": "id",
                            "value": 45,
                            "state": "unmodified"
                        }
                    ],
                    "state": "unmodified"
                }
            ],
            "state": "added"
        },
        {
            "key": "group3",
            "value": [
                {
                    "key": "deep",
                    "value": [
                        {
                            "key": "id",
                            "value": [
                                {
                                    "key": "number",
                                    "value": 45,
                                    "state": "unmodified"
                                }
                            ],
                            "state": "unmodified"
                        }
                    ],
                    "state": "unmodified"
                },
                {
                    "key": "fee",
                    "value": 100500,
                    "state": "unmodified"
                }
            ],
            "state": "removed"
        }
    ]
}
